GNU Tool Chain  

Linker command line:

--edf=C:\Program Files (x86)\CCompiler\Compiler\data\dat\en_msgs.txt -cs \
  -h+cx588_sound.sym --cmf=cx588_sound.cmf -z -QFT60F21X \
  -oC:\Users\Mai\AppData\Local\Temp\s9k0.2 -Mcx588_sound.map -E1 -ver=XC8 \
  -ASTACK=050h-06fh -pstack=STACK -ACODE=00h-03FFh -ASTRCODE=00h-03FFh \
  -ASTRING=00h-0FFhx4 -ACONST=00h-0FFhx4 -AENTRY=00h-0FFhx4 \
  -ACOMMON=070h-07Fh -ABANK0=040h-06Fh -ARAM=040h-06Fh -AABS1=040h-07Fh \
  -ASFR0=00h-03Fh -ASFR1=080h-0EFh \
  -preset_vec=00h,intentry=04h,init,end_init -ppowerup=CODE -pcinit=CODE \
  -pfunctab=ENTRY -ACONFIG=02007h-02007h -pconfig=CONFIG -DCONFIG=2 \
  -AIDLOC=02000h-02003h -pidloc=IDLOC -DIDLOC=2 -AEEDATA=00h-07Fh/02100h \
  -peeprom_data=EEDATA -DEEDATA=2 -DCODE=2 -DSTRCODE=2 -DSTRING=2 -DCONST=2 \
  -DENTRY=2 -k C:\Users\Mai\AppData\Local\Temp\s9k0.obj cx588_sound.obj 

Object code version is 3.11

Machine type is FT60F21X



                Name                               Link     Load   Length Selector   Space Scale
C:\Users\Mai\AppData\Local\Temp\s9k0.obj
                end_init                              D        D        1        8       0
                reset_vec                             0        0        1        0       0
cx588_sound.obj cinit                                 E        E        B        8       0
                intentry                              4        4        9        8       0
                text17                               79       79       2C        8       0
                text16                              14B      14B        A        8       0
                text15                              155      155        9        8       0
                text14                              113      113       10        8       0
                text13                               C4       C4       16        8       0
                text12                               EE       EE       13        8       0
                text11                              172      172        3        8       0
                text10                              123      123        E        8       0
                text9                               16E      16E        4        8       0
                text8                               13E      13E        D        8       0
                text7                                19       19       33        8       0
                text6                                4C       4C       2D        8       0
                text5                                DA       DA       14        8       0
                text4                               101      101       12        8       0
                text3                               166      166        8        8       0
                text2                                A5       A5       1F        8       0
                text1                               15E      15E        8        8       0
                maintext                            131      131        D        8       0
                cstackBANK0                          40       40        A       40       1
                cstackCOMMON                         70       70        9       70       1
                dataBANK0                            4A       4A        4       40       1
                bssBANK0                             4E       4E        2       40       1
                bssCOMMON                            79       79        2       70       1

TOTAL           Name                               Link     Load   Length     Space
        CLASS   STACK          

        CLASS   CODE           
                end_init                              D        D        1         0
                cinit                                 E        E        B         0
                intentry                              4        4        9         0
                reset_vec                             0        0        1         0
                text17                               79       79       2C         0
                text16                              14B      14B        A         0
                text15                              155      155        9         0
                text14                              113      113       10         0
                text13                               C4       C4       16         0
                text12                               EE       EE       13         0
                text11                              172      172        3         0
                text10                              123      123        E         0
                text9                               16E      16E        4         0
                text8                               13E      13E        D         0
                text7                                19       19       33         0
                text6                                4C       4C       2D         0
                text5                                DA       DA       14         0
                text4                               101      101       12         0
                text3                               166      166        8         0
                text2                                A5       A5       1F         0
                text1                               15E      15E        8         0
                maintext                            131      131        D         0

        CLASS   STRCODE        

        CLASS   STRING         

        CLASS   CONST          

        CLASS   ENTRY          

        CLASS   COMMON         
                cstackCOMMON                         70       70        9         1
                bssCOMMON                            79       79        2         1

        CLASS   BANK0          
                cstackBANK0                          40       40        A         1
                dataBANK0                            4A       4A        4         1
                bssBANK0                             4E       4E        2         1

        CLASS   RAM            

        CLASS   ABS1           
                abs_s1                               7E       7E        2         1

        CLASS   SFR0           

        CLASS   SFR1           

        CLASS   CONFIG         

        CLASS   IDLOC          

        CLASS   EEDATA         

        CLASS   BANK1          



SEGMENTS        Name                           Load    Length   Top    Selector   Space  Class     Delta

                reset_vec                      000000  000001  000001         0       0  CODE        2
                intentry                       000004  000171  000175         8       0  CODE        2
                cstackBANK0                    000040  000010  000050        40       1  BANK0       1
                cstackCOMMON                   000070  00000B  00007B        70       1  COMMON      1


UNUSED ADDRESS RANGES

        Name                Unused          Largest block    Delta
        BANK0            050-06F            20           1
        CODE             001-003             3           2
                         175-3FF           28B
        COMMON           07B-07D             3           1
        CONFIG           2007-2007             1           2
        CONST            001-003             3           2
                         175-3FF           100
        EEDATA           2100-217F            80           2
        ENTRY            001-003             3           2
                         175-3FF           100
        IDLOC            2000-2003             4           2
        RAM              050-06F            20           1
        SFR0             000-03F            40           1
        SFR1             080-0EF            70           1
        STACK            050-06F            20           1
        STRCODE          001-003             3           2
                         175-3FF           28B
        STRING           001-003             3           2
                         175-3FF           100

                                  Symbol Table

?___lmul                           cstackBANK0  040
?_rand                             cstackBANK0  048
CX588_OneWire_WriteBit@bit_bit     cstackCOMMON 078
CX588_OneWire_WriteByte@byte_byte  cstackBANK0  040
CX588_OneWire_WriteByte@i          cstackBANK0  041
CX588_Play_Sound@Sound_Code        cstackBANK0  042
CX588_SET_Sound_Size@Sound_Code    cstackBANK0  042
DelayMs@Time                       cstackCOMMON 075
DelayMs@a                          cstackCOMMON 076
DelayMs@b                          cstackCOMMON 077
DelayUs@Time                       cstackCOMMON 073
DelayUs@a                          cstackCOMMON 074
PL2                                text2        0BD
PL4                                text17       09F
_CX588_GPIO_Init                   text16       14B
_CX588_Get_Busy_State              text9        16E
_CX588_OneWire_WriteBit            text13       0C4
_CX588_OneWire_WriteByte           text12       0EE
_CX588_Play_Sound                  text8        13E
_CX588_SET_Sound_Size              text11       172
_DelayMs                           text14       113
_DelayUs                           text15       155
_GIE                               (abs)        05F
_INTCON                            (abs)        00B
_IOCA2                             (abs)        4B2
_ISR                               text17       079
_OPTION                            (abs)        081
_OSCCON                            (abs)        08F
_PA0                               (abs)        028
_PA2                               (abs)        02A
_PA2_Level_Change_INITIAL          text3        166
_PA4                               (abs)        02C
_PAIE                              (abs)        05B
_PAIF                              (abs)        058
_PEIE                              (abs)        05E
_PORTA                             (abs)        005
_POWER_INITIAL                     text10       123
_PR2H                              (abs)        092
_PR2L                              (abs)        091
_PSINKA                            (abs)        097
_PSRCA                             (abs)        088
_Play_Sound                        text5        0DA
_Seed_Val                          bssCOMMON    079
_T2CON0                            (abs)        012
_T2CON1                            (abs)        09E
_TIMER2_INITIAL                    text4        101
_TIME_OUT                          bssBANK0     04E
_TIME_OUT_Enter_Sleep              text2        0A5
_TMR2H                             (abs)        013
_TMR2IE                            (abs)        461
_TMR2IF                            (abs)        061
_TMR2L                             (abs)        011
_TMR2ON                            (abs)        092
_TRISA                             (abs)        085
_TRISA2                            (abs)        42A
_WPUA                              (abs)        095
__Habs1                            abs1         000
__Hbank0                           bank0        000
__Hbank1                           bank1        000
__HbssBANK0                        bssBANK0     000
__HbssCOMMON                       bssCOMMON    000
__Hcinit                           cinit        019
__Hclrtext                         clrtext      000
__Hcode                            code         000
__Hcommon                          common       000
__Hconfig                          config       000
__HcstackBANK0                     cstackBANK0  000
__HcstackCOMMON                    cstackCOMMON 000
__HdataBANK0                       dataBANK0    000
__Heeprom_data                     eeprom_data  000
__Hend_init                        end_init     00E
__Hfunctab                         functab      000
__HidataBANK0                      idataBANK0   000
__Hidloc                           idloc        000
__Hinit                            init         00D
__Hintentry                        intentry     00D
__Hmaintext                        maintext     000
__Hpa_nodes0                       pa_nodes0    000
__Hpowerup                         powerup      000
__Hram                             ram          000
__Hreset_vec                       reset_vec    001
__Hsfr0                            sfr0         000
__Hsfr1                            sfr1         000
__Hspace_0                         (abs)        175
__Hspace_1                         (abs)        07B
__Hspace_2                         (abs)        000
__Hspace_3                         (abs)        000
__Hstack                           stack        000
__Hstrings                         strings      000
__Htext                            text         000
__Labs1                            abs1         000
__Lbank0                           bank0        000
__Lbank1                           bank1        000
__LbssBANK0                        bssBANK0     000
__LbssCOMMON                       bssCOMMON    000
__Lcinit                           cinit        00E
__Lclrtext                         clrtext      000
__Lcode                            code         000
__Lcommon                          common       000
__Lconfig                          config       000
__LcstackBANK0                     cstackBANK0  000
__LcstackCOMMON                    cstackCOMMON 000
__LdataBANK0                       dataBANK0    000
__Leeprom_data                     eeprom_data  000
__Lend_init                        end_init     00D
__Lfunctab                         functab      000
__LidataBANK0                      idataBANK0   000
__Lidloc                           idloc        000
__Linit                            init         00D
__Lintentry                        intentry     004
__Lmaintext                        maintext     000
__Lpa_nodes0                       pa_nodes0    000
__Lpowerup                         powerup      000
__Lram                             ram          000
__Lreset_vec                       reset_vec    000
__Lsfr0                            sfr0         000
__Lsfr1                            sfr1         000
__Lspace_0                         (abs)        000
__Lspace_1                         (abs)        000
__Lspace_2                         (abs)        000
__Lspace_3                         (abs)        000
__Lstack                           stack        000
__Lstrings                         strings      000
__Ltext                            text         000
__S0                               (abs)        175
__S1                               (abs)        07B
__S2                               (abs)        000
__S3                               (abs)        000
___int_sp                          stack        000
___latbits                         (abs)        000
___lmul                            text7        019
___lmul@multiplicand               cstackBANK0  044
___lmul@multiplier                 cstackBANK0  040
___lmul@product                    cstackCOMMON 073
___sp                              stack        000
__end_ofPL2                        text2        0C4
__end_ofPL4                        text17       0A5
__end_of_CX588_GPIO_Init           text16       155
__end_of_CX588_Get_Busy_State      text9        172
__end_of_CX588_OneWire_WriteBit    text13       0DA
__end_of_CX588_OneWire_WriteByte   text12       101
__end_of_CX588_Play_Sound          text8        14B
__end_of_CX588_SET_Sound_Size      text11       175
__end_of_DelayMs                   text14       123
__end_of_DelayUs                   text15       15E
__end_of_ISR                       text17       09F
__end_of_PA2_Level_Change_INITIAL  text3        16E
__end_of_POWER_INITIAL             text10       131
__end_of_Play_Sound                text5        0EE
__end_of_TIMER2_INITIAL            text4        113
__end_of_TIME_OUT_Enter_Sleep      text2        0BD
__end_of___lmul                    text7        04C
__end_of__initialization           cinit        017
__end_of_main                      maintext     13E
__end_of_rand                      text6        079
__end_of_srand                     text1        166
__initialization                   cinit        00E
__pbssBANK0                        bssBANK0     04E
__pbssCOMMON                       bssCOMMON    079
__pcstackBANK0                     cstackBANK0  040
__pcstackCOMMON                    cstackCOMMON 070
__pdataBANK0                       dataBANK0    04A
__pidataBANK0                      idataBANK0   000
__pintentry                        intentry     004
__pmaintext                        maintext     131
__ptext1                           text1        15E
__ptext10                          text10       123
__ptext11                          text11       172
__ptext12                          text12       0EE
__ptext13                          text13       0C4
__ptext14                          text14       113
__ptext15                          text15       155
__ptext16                          text16       14B
__ptext17                          text17       079
__ptext2                           text2        0A5
__ptext3                           text3        166
__ptext4                           text4        101
__ptext5                           text5        0DA
__ptext6                           text6        04C
__ptext7                           text7        019
__ptext8                           text8        13E
__ptext9                           text9        16E
__size_of_CX588_GPIO_Init          (abs)        000
__size_of_CX588_Get_Busy_State     (abs)        000
__size_of_CX588_OneWire_WriteBit   (abs)        000
__size_of_CX588_OneWire_WriteByte  (abs)        000
__size_of_CX588_Play_Sound         (abs)        000
__size_of_CX588_SET_Sound_Size     (abs)        000
__size_of_DelayMs                  (abs)        000
__size_of_DelayUs                  (abs)        000
__size_of_ISR                      (abs)        000
__size_of_PA2_Level_Change_INITIAL (abs)        000
__size_of_POWER_INITIAL            (abs)        000
__size_of_Play_Sound               (abs)        000
__size_of_TIMER2_INITIAL           (abs)        000
__size_of_TIME_OUT_Enter_Sleep     (abs)        000
__size_of___lmul                   (abs)        000
__size_of_main                     (abs)        000
__size_of_rand                     (abs)        000
__size_of_srand                    (abs)        000
_main                              maintext     131
_rand                              text6        04C
_randx                             dataBANK0    04A
_srand                             text1        15E
btemp                              (abs)        07E
end_of_initialization              cinit        017
interrupt_function                 intentry     004
intlevel0                          functab      000
intlevel1                          functab      000
intlevel2                          functab      000
intlevel3                          functab      000
intlevel4                          functab      000
intlevel5                          functab      000
reset_vec                          reset_vec    000
saved_w                            (abs)        07E
srand@x                            cstackCOMMON 073
stackhi                            (abs)        000
stacklo                            (abs)        000
start                              init         00D
start_initialization               cinit        00E
wtemp0                             (abs)        07E


FUNCTION INFORMATION:

 *************** function _main *****************
 Defined at:
		line 150 in file "CX588_SOUND.C"
 Parameters:    Size  Location     Type
		None
 Auto vars:     Size  Location     Type
		None
 Return value:  Size  Location     Type
                  1    wreg      void 
 Registers used:
		wreg, status,2, status,0, btemp+1, pclath, cstack
 Tracked objects:
		On entry : 
		On exit  : 
		Unchanged: 
 Data sizes:     COMMON   BANK0
      Params:         0       0
      Locals:         0       0
      Temps:          0       0
      Totals:         0       0
Total ram usage:        0 bytes
 Hardware stack levels required when called:    7
 This function calls:
		_CX588_GPIO_Init
		_CX588_SET_Sound_Size
		_POWER_INITIAL
		_Play_Sound
		_TIMER2_INITIAL
		_TIME_OUT_Enter_Sleep
		_srand
 This function is called by:
		Startup code after reset
 This function uses a non-reentrant model


 *************** function _srand *****************
 Defined at:
		line 6 in file "C:\Program Files (x86)\CCompiler\Compiler\data\sources\common\rand.c"
 Parameters:    Size  Location     Type
  x               2    3[COMMON] unsigned int 
 Auto vars:     Size  Location     Type
		None
 Return value:  Size  Location     Type
                  1    wreg      void 
 Registers used:
		wreg
 Tracked objects:
		On entry : 
		On exit  : 
		Unchanged: 
 Data sizes:     COMMON   BANK0
      Params:         2       0
      Locals:         0       0
      Temps:          0       0
      Totals:         2       0
Total ram usage:        2 bytes
 Hardware stack levels used:    1
 Hardware stack levels required when called:    1
 This function calls:
		Nothing
 This function is called by:
		_main
 This function uses a non-reentrant model


 *************** function _TIME_OUT_Enter_Sleep *****************
 Defined at:
		line 11 in file "CX588_SOUND.C"
 Parameters:    Size  Location     Type
		None
 Auto vars:     Size  Location     Type
		None
 Return value:  Size  Location     Type
                  1    wreg      void 
 Registers used:
		wreg, status,2, status,0, btemp+1, pclath, cstack
 Tracked objects:
		On entry : 
		On exit  : 
		Unchanged: 
 Data sizes:     COMMON   BANK0
      Params:         0       0
      Locals:         0       0
      Temps:          0       0
      Totals:         0       0
Total ram usage:        0 bytes
 Hardware stack levels used:    1
 Hardware stack levels required when called:    2
 This function calls:
		_CX588_Get_Busy_State
		_PA2_Level_Change_INITIAL
 This function is called by:
		_main
 This function uses a non-reentrant model


 *************** function _PA2_Level_Change_INITIAL *****************
 Defined at:
		line 95 in file "CX588_SOUND.C"
 Parameters:    Size  Location     Type
		None
 Auto vars:     Size  Location     Type
		None
 Return value:  Size  Location     Type
                  1    wreg      void 
 Registers used:
		wreg
 Tracked objects:
		On entry : 
		On exit  : 
		Unchanged: 
 Data sizes:     COMMON   BANK0
      Params:         0       0
      Locals:         0       0
      Temps:          0       0
      Totals:         0       0
Total ram usage:        0 bytes
 Hardware stack levels used:    1
 Hardware stack levels required when called:    1
 This function calls:
		Nothing
 This function is called by:
		_TIME_OUT_Enter_Sleep
 This function uses a non-reentrant model


 *************** function _TIMER2_INITIAL *****************
 Defined at:
		line 110 in file "CX588_SOUND.C"
 Parameters:    Size  Location     Type
		None
 Auto vars:     Size  Location     Type
		None
 Return value:  Size  Location     Type
                  1    wreg      void 
 Registers used:
		wreg, status,2
 Tracked objects:
		On entry : 
		On exit  : 
		Unchanged: 
 Data sizes:     COMMON   BANK0
      Params:         0       0
      Locals:         0       0
      Temps:          0       0
      Totals:         0       0
Total ram usage:        0 bytes
 Hardware stack levels used:    1
 Hardware stack levels required when called:    1
 This function calls:
		Nothing
 This function is called by:
		_main
 This function uses a non-reentrant model


 *************** function _Play_Sound *****************
 Defined at:
		line 45 in file "CX588_SOUND.C"
 Parameters:    Size  Location     Type
		None
 Auto vars:     Size  Location     Type
		None
 Return value:  Size  Location     Type
                  1    wreg      void 
 Registers used:
		wreg, status,2, status,0, pclath, cstack
 Tracked objects:
		On entry : 
		On exit  : 
		Unchanged: 
 Data sizes:     COMMON   BANK0
      Params:         0       0
      Locals:         0       0
      Temps:          0       0
      Totals:         0       0
Total ram usage:        0 bytes
 Hardware stack levels used:    1
 Hardware stack levels required when called:    6
 This function calls:
		_CX588_Get_Busy_State
		_CX588_Play_Sound
		_DelayMs
		_rand
 This function is called by:
		_main
 This function uses a non-reentrant model


 *************** function _rand *****************
 Defined at:
		line 12 in file "C:\Program Files (x86)\CCompiler\Compiler\data\sources\common\rand.c"
 Parameters:    Size  Location     Type
		None
 Auto vars:     Size  Location     Type
		None
 Return value:  Size  Location     Type
                  2    8[BANK0 ] int 
 Registers used:
		wreg, status,2, status,0, pclath, cstack
 Tracked objects:
		On entry : 
		On exit  : 
		Unchanged: 
 Data sizes:     COMMON   BANK0
      Params:         0       2
      Locals:         0       0
      Temps:          0       0
      Totals:         0       2
Total ram usage:        2 bytes
 Hardware stack levels used:    1
 Hardware stack levels required when called:    2
 This function calls:
		___lmul
 This function is called by:
		_Play_Sound
 This function uses a non-reentrant model


 *************** function ___lmul *****************
 Defined at:
		line 15 in file "C:\Program Files (x86)\CCompiler\Compiler\data\sources\common\Umul32.c"
 Parameters:    Size  Location     Type
  multiplier      4    0[BANK0 ] unsigned long 
  multiplicand    4    4[BANK0 ] unsigned long 
 Auto vars:     Size  Location     Type
  product         4    3[COMMON] unsigned long 
 Return value:  Size  Location     Type
                  4    0[BANK0 ] unsigned long 
 Registers used:
		wreg, status,2, status,0
 Tracked objects:
		On entry : 
		On exit  : 
		Unchanged: 
 Data sizes:     COMMON   BANK0
      Params:         0       8
      Locals:         4       0
      Temps:          0       0
      Totals:         4       8
Total ram usage:       12 bytes
 Hardware stack levels used:    1
 Hardware stack levels required when called:    1
 This function calls:
		Nothing
 This function is called by:
		_rand
 This function uses a non-reentrant model


 *************** function _CX588_Play_Sound *****************
 Defined at:
		line 96 in file "CX588.c"
 Parameters:    Size  Location     Type
  Sound_Code      1    wreg     unsigned char 
 Auto vars:     Size  Location     Type
  Sound_Code      1    2[BANK0 ] unsigned char 
 Return value:  Size  Location     Type
                  1    wreg      void 
 Registers used:
		wreg, status,2, status,0, pclath, cstack
 Tracked objects:
		On entry : 
		On exit  : 
		Unchanged: 
 Data sizes:     COMMON   BANK0
      Params:         0       0
      Locals:         0       1
      Temps:          0       0
      Totals:         0       1
Total ram usage:        1 bytes
 Hardware stack levels used:    1
 Hardware stack levels required when called:    5
 This function calls:
		_CX588_Get_Busy_State
		_CX588_OneWire_WriteByte
		_DelayMs
 This function is called by:
		_Play_Sound
 This function uses a non-reentrant model


 *************** function _CX588_Get_Busy_State *****************
 Defined at:
		line 115 in file "CX588.c"
 Parameters:    Size  Location     Type
		None
 Auto vars:     Size  Location     Type
		None
 Return value:  Size  Location     Type
                  1    wreg      unsigned char 
 Registers used:
		wreg
 Tracked objects:
		On entry : 
		On exit  : 
		Unchanged: 
 Data sizes:     COMMON   BANK0
      Params:         0       0
      Locals:         0       0
      Temps:          0       0
      Totals:         0       0
Total ram usage:        0 bytes
 Hardware stack levels used:    1
 Hardware stack levels required when called:    1
 This function calls:
		Nothing
 This function is called by:
		_TIME_OUT_Enter_Sleep
		_Play_Sound
		_CX588_Play_Sound
 This function uses a non-reentrant model


 *************** function _POWER_INITIAL *****************
 Defined at:
		line 132 in file "CX588_SOUND.C"
 Parameters:    Size  Location     Type
		None
 Auto vars:     Size  Location     Type
		None
 Return value:  Size  Location     Type
                  1    wreg      void 
 Registers used:
		wreg, status,2
 Tracked objects:
		On entry : 
		On exit  : 
		Unchanged: 
 Data sizes:     COMMON   BANK0
      Params:         0       0
      Locals:         0       0
      Temps:          0       0
      Totals:         0       0
Total ram usage:        0 bytes
 Hardware stack levels used:    1
 Hardware stack levels required when called:    1
 This function calls:
		Nothing
 This function is called by:
		_main
 This function uses a non-reentrant model


 *************** function _CX588_SET_Sound_Size *****************
 Defined at:
		line 90 in file "CX588.c"
 Parameters:    Size  Location     Type
  Sound_Code      1    wreg     enum E873
 Auto vars:     Size  Location     Type
  Sound_Code      1    2[BANK0 ] enum E873
 Return value:  Size  Location     Type
                  1    wreg      void 
 Registers used:
		wreg, status,2, status,0, pclath, cstack
 Tracked objects:
		On entry : 
		On exit  : 
		Unchanged: 
 Data sizes:     COMMON   BANK0
      Params:         0       0
      Locals:         0       1
      Temps:          0       0
      Totals:         0       1
Total ram usage:        1 bytes
 Hardware stack levels used:    1
 Hardware stack levels required when called:    5
 This function calls:
		_CX588_OneWire_WriteByte
 This function is called by:
		_main
 This function uses a non-reentrant model


 *************** function _CX588_OneWire_WriteByte *****************
 Defined at:
		line 76 in file "CX588.c"
 Parameters:    Size  Location     Type
  byte_byte       1    wreg     unsigned char 
 Auto vars:     Size  Location     Type
  byte_byte       1    0[BANK0 ] unsigned char 
  i               1    1[BANK0 ] unsigned char 
 Return value:  Size  Location     Type
                  1    wreg      void 
 Registers used:
		wreg, status,2, status,0, pclath, cstack
 Tracked objects:
		On entry : 
		On exit  : 
		Unchanged: 
 Data sizes:     COMMON   BANK0
      Params:         0       0
      Locals:         0       2
      Temps:          0       0
      Totals:         0       2
Total ram usage:        2 bytes
 Hardware stack levels used:    1
 Hardware stack levels required when called:    4
 This function calls:
		_CX588_OneWire_WriteBit
		_DelayMs
 This function is called by:
		_CX588_SET_Sound_Size
		_CX588_Play_Sound
 This function uses a non-reentrant model


 *************** function _CX588_OneWire_WriteBit *****************
 Defined at:
		line 55 in file "CX588.c"
 Parameters:    Size  Location     Type
  bit_bit         1    wreg     unsigned char 
 Auto vars:     Size  Location     Type
  bit_bit         1    8[COMMON] unsigned char 
 Return value:  Size  Location     Type
                  1    wreg      void 
 Registers used:
		wreg, status,2, status,0, pclath, cstack
 Tracked objects:
		On entry : 
		On exit  : 
		Unchanged: 
 Data sizes:     COMMON   BANK0
      Params:         0       0
      Locals:         1       0
      Temps:          0       0
      Totals:         1       0
Total ram usage:        1 bytes
 Hardware stack levels used:    1
 Hardware stack levels required when called:    3
 This function calls:
		_DelayMs
		_DelayUs
 This function is called by:
		_CX588_OneWire_WriteByte
 This function uses a non-reentrant model


 *************** function _DelayMs *****************
 Defined at:
		line 27 in file "CX588.c"
 Parameters:    Size  Location     Type
  Time            1    wreg     unsigned char 
 Auto vars:     Size  Location     Type
  Time            1    5[COMMON] unsigned char 
  b               1    7[COMMON] unsigned char 
  a               1    6[COMMON] unsigned char 
 Return value:  Size  Location     Type
                  1    wreg      void 
 Registers used:
		wreg, status,2, status,0, pclath, cstack
 Tracked objects:
		On entry : 
		On exit  : 
		Unchanged: 
 Data sizes:     COMMON   BANK0
      Params:         0       0
      Locals:         3       0
      Temps:          0       0
      Totals:         3       0
Total ram usage:        3 bytes
 Hardware stack levels used:    1
 Hardware stack levels required when called:    2
 This function calls:
		_DelayUs
 This function is called by:
		_Play_Sound
		_CX588_OneWire_WriteBit
		_CX588_OneWire_WriteByte
		_CX588_Play_Sound
 This function uses a non-reentrant model


 *************** function _DelayUs *****************
 Defined at:
		line 12 in file "CX588.c"
 Parameters:    Size  Location     Type
  Time            1    wreg     unsigned char 
 Auto vars:     Size  Location     Type
  Time            1    3[COMMON] unsigned char 
  a               1    4[COMMON] unsigned char 
 Return value:  Size  Location     Type
                  1    wreg      void 
 Registers used:
		wreg, status,2, status,0
 Tracked objects:
		On entry : 
		On exit  : 
		Unchanged: 
 Data sizes:     COMMON   BANK0
      Params:         0       0
      Locals:         2       0
      Temps:          0       0
      Totals:         2       0
Total ram usage:        2 bytes
 Hardware stack levels used:    1
 Hardware stack levels required when called:    1
 This function calls:
		Nothing
 This function is called by:
		_DelayMs
		_CX588_OneWire_WriteBit
 This function uses a non-reentrant model


 *************** function _CX588_GPIO_Init *****************
 Defined at:
		line 39 in file "CX588.c"
 Parameters:    Size  Location     Type
		None
 Auto vars:     Size  Location     Type
		None
 Return value:  Size  Location     Type
                  1    wreg      void 
 Registers used:
		wreg, status,2, status,0
 Tracked objects:
		On entry : 
		On exit  : 
		Unchanged: 
 Data sizes:     COMMON   BANK0
      Params:         0       0
      Locals:         0       0
      Temps:          0       0
      Totals:         0       0
Total ram usage:        0 bytes
 Hardware stack levels used:    1
 Hardware stack levels required when called:    1
 This function calls:
		Nothing
 This function is called by:
		_main
 This function uses a non-reentrant model


 *************** function _ISR *****************
 Defined at:
		line 67 in file "CX588_SOUND.C"
 Parameters:    Size  Location     Type
		None
 Auto vars:     Size  Location     Type
		None
 Return value:  Size  Location     Type
                  1    wreg      void 
 Registers used:
		wreg, status,2, status,0, btemp+1
 Tracked objects:
		On entry : 
		On exit  : 
		Unchanged: 
 Data sizes:     COMMON   BANK0
      Params:         0       0
      Locals:         0       0
      Temps:          3       0
      Totals:         3       0
Total ram usage:        3 bytes
 Hardware stack levels used:    1
 This function calls:
		Nothing
 This function is called by:
		Interrupt level 1
 This function uses a non-reentrant model



MODULE INFORMATION

Module		Function		Class		Link	Load	Size
C:\Program Files (x86)\CCompiler\Compiler\data\sources\common\rand.c
		_srand         		CODE           	015E	0000	9
		_rand          		CODE           	004C	0000	46

C:\Program Files (x86)\CCompiler\Compiler\data\sources\common\rand.c estimated size: 55

CX588.c
		_DelayUs       		CODE           	0155	0000	10
		_CX588_OneWire_WriteBit		CODE           	00C4	0000	23
		_CX588_Play_Sound		CODE           	013E	0000	14
		_CX588_SET_Sound_Size		CODE           	0172	0000	4
		_DelayMs       		CODE           	0113	0000	17
		_CX588_OneWire_WriteByte		CODE           	00EE	0000	20
		_CX588_GPIO_Init		CODE           	014B	0000	11
		_CX588_Get_Busy_State		CODE           	016E	0000	5

CX588.c estimated size: 104

C:\Program Files (x86)\CCompiler\Compiler\data\sources\common\Umul32.c
		___lmul        		CODE           	0019	0000	52

C:\Program Files (x86)\CCompiler\Compiler\data\sources\common\Umul32.c estimated size: 52

shared
		__initialization		CODE           	000E	0000	10
		PL2            		CODE           	00BD	0000	8
		PL4            		CODE           	009F	0000	7

shared estimated size: 25

CX588_SOUND.C
		_TIME_OUT_Enter_Sleep		CODE           	00A5	0000	25
		_Play_Sound    		CODE           	00DA	0000	21
		_ISR           		CODE           	0079	0000	39
		_PA2_Level_Change_INITIAL		CODE           	0166	0000	9
		_main          		CODE           	0131	0000	14
		_POWER_INITIAL 		CODE           	0123	0000	15
		_TIMER2_INITIAL		CODE           	0101	0000	19

CX588_SOUND.C estimated size: 142

